#define IDH_OTKAZ_LAW 5000
#define IDH_LOW_PARAMETERS 5001
#define IDH_REMONT 5002
#define IDH_KOORD_UGOL 5003
#define IDH_WIDTH 5004
#define IDH_HEIGHT 5005
#define IDH_RISUNOK 5006
#define IDH_TREE 5008
#define IDH_TOOLBAR 5009
#define IDH_STATUSBAR 5010
#define IDH_OTO_NAME 5200
#define IDH_OTONAK_VALUE 5201
#define IDH_OTONAK_KOORD 5202
#define IDH_OTONAK_UZEL 5203
#define IDH_TU_NAME 5400
#define IDH_TU_SPEED 5401
#define IDH_TU_TIME 5402
#define IDH_TU_TO_ID 5403
#define IDH_TU_TO_NAME 5404
#define IDH_TU_PREDPOINT 5406
#define IDH_SKLAD_NAME 5600
#define IDH_SKLAD_VALUE 5601
#define IDH_SKLAD_POINT 5602
#define IDH_NOM_NAME 5800
#define IDH_NOM_VSEGO 5801
#define IDH_NOM_ZAPUSK 5802
#define IDH_NOM_PEREDAT 5803
#define IDH_NOM_POST_LOW 5804
#define IDH_NOM_TP 5806
#define IDH_KOMP_UZLI 6000
#define IDH_KOMP_SVIAZ 6001
#define IDH_CONST_MAS 6200
#define IDH_CONST_MODEL_PROGRAM 6201
#define IDH_CONST_MODEL_TIME 6202
#define IDH_POKAS 6400
#define IDH_POKAS_ZAGR 6401
#define IDH_POKAS_PROSTOY 6402
#define IDH_POKAS_REMONT 6403
#define IDH_POKAS_TU_TRANS 6600
#define IDH_POKAS_TU_HOL 6601
#define IDH_POKAS_TU_POGR 6602
#define IDH_POKAS_NAK_ZAGR 6800
#define IDH_POKAS_NAK_PROSTOY 6801
#define IDH_FULL_TU_TO_ID 1000
#define IDH_FULL_RISUNOK 1001
#define IDH_FULL_PREDPOINT 1002
#define IDH_FULL_TOOLBAR 1003
